{
    "Full pipeline test with online VEP and IEDB directory check": {
        "content": [
            11,
            {
                "ENSEMBLVEP_VEP": {
                    "ensemblvep": 113.0,
                    "tabix": "1.23.1"
                },
                "MAF2VCF": {
                    "maf2vcf": "1.6.21"
                },
                "PVACTOOLS_PVACSEQ": {
                    "pvactools": "6.0.5"
                },
                "Workflow": {
                    "nextflow_pvacseq": "v1.0dev"
                }
            },
            207372,
            415019
        ],
        "timestamp": "2026-04-28T21:05:57.210358845",
        "meta": {
            "nf-test": "0.9.5",
            "nextflow": "25.10.4"
        }
    }
}